<html>
<body>
<pre>
<h1>�Vision Build Log</h1>
<h2>Project:</h2>
C:\UserData\z004jchd\OneDrive - Siemens AG\Documents\PERSONNEL\COURS\Architecture\µVision4\PROJET\Stellaris_ASM\stellaris_asm.uvproj
Project File Date:  11/21/2022

<h2>Output:</h2>
Build target 'Target 1'
assembling main.s...
linking...
Program Size: Code=744 RO-data=0 RW-data=0 ZI-data=256  
".\stellaris_asm.axf" - 0 Error(s), 0 Warning(s).
Load "C:\\UserData\\z004jchd\\OneDrive - Siemens AG\\Documents\\PERSONNEL\\COURS\\Architecture\\µVision4\\PROJET\\Stellaris_ASM\\stellaris_asm.axf" 
Warning: OSC to JTAG clock ratio violation - JTAG clock has been automatically adjusted to comply.
Connecting: Mode=JTAG, Speed=600000Hz
Erase Done.
Programming Done.
Verify OK.
Error: Target DLL has been cancelled. Debugger aborted !
nection failed!, error code=&d
Error: Flash Download failed  -  Target DLL has been cancelled
Load "C:\\UserData\\z004jchd\\OneDrive - Siemens AG\\Documents\\PERSONNEL\\COURS\\Architecture\\µVision4\\PROJET\\Stellaris_ASM\\stellaris_asm.axf" 
Warning: OSC to JTAG clock ratio violation - JTAG clock has been automatically adjusted to comply.
Connecting: Mode=JTAG, Speed=600000Hz
Erase Done.
Programming Done.
Verify OK.
a\\z004jchd\\OneDrive - Siemens AG\\Documents\\PERSONNEL\\COURS\\Architecture\\µVision4\\PROJET\\Stellaris_ASM\\stellaris_asm.axf" 
Warning: OSC to JTAG clock ratio violation - JTAG clock has been automatically adjusted to comply.
Connecting: Mode=JTAG, Speed=600000Hz
Erase Done.
Programming Done.
Verify OK.
Error: Target DLL has been cancelled. Debugger aborted !
Error: Target DLL has been cancelled. Debugger aborted !
