ARM Linker, 5.03 [Build 76] [MDK-ARM Lite]

==============================================================================

Section Cross References

    startup.o(RESET) refers to startup.o(STACK) for StackMem
    startup.o(RESET) refers to main.o(.text) for __main
    main.o(.text) refers to rk_motors.o(.text) for MOTEUR_INIT


==============================================================================

Removing Unused input sections from the image.

    Removing startup.o(HEAP), (0 bytes).
    Removing startup.o(.text), (0 bytes).

2 unused section(s) (total 0 bytes) removed from the image.

==============================================================================

Image Symbol Table

    Local Symbols

    Symbol Name                              Value     Ov Type        Size  Object(Section)

    RESET                                    0x00000000   Section      632  startup.o(RESET)
    Startup.s                                0x00000000   Number         0  startup.o ABSOLUTE
    main.s                                   0x00000000   Number         0  main.o ABSOLUTE
    rk_motors.s                              0x00000000   Number         0  rk_motors.o ABSOLUTE
    NmiSR                                    0x00000271   Thumb Code     0  startup.o(RESET)
    FaultISR                                 0x00000273   Thumb Code     0  startup.o(RESET)
    IntDefaultHandler                        0x00000275   Thumb Code     0  startup.o(RESET)
    .text                                    0x00000278   Section      484  rk_motors.o(.text)
    .text                                    0x0000045c   Section      380  main.o(.text)
    STACK                                    0x20000000   Section      256  startup.o(STACK)
    StackMem                                 0x20000000   Data           0  startup.o(STACK)

    Global Symbols

    Symbol Name                              Value     Ov Type        Size  Object(Section)

    BuildAttributes$$THM_ISAv4$P$D$K$B$S$PE$A:L22UL41UL21$X:L11$S22US41US21$IEEE1$IW$USESV6$~STKCKD$USESV7$~SHL$OSPACE$EBA8$MICROLIB$PRES8$EABIv2 0x00000000   Number         0  anon$$obj.o ABSOLUTE
    __Vectors                                0x00000000   Data           0  startup.o(RESET)
    Reset_Handler                            0x0000026d   Thumb Code     0  startup.o(RESET)
    MOTEUR_INIT                              0x00000279   Thumb Code     0  rk_motors.o(.text)
    MOTEUR_DROIT_ON                          0x0000037d   Thumb Code     0  rk_motors.o(.text)
    MOTEUR_DROIT_OFF                         0x00000389   Thumb Code     0  rk_motors.o(.text)
    MOTEUR_GAUCHE_ON                         0x00000395   Thumb Code     0  rk_motors.o(.text)
    MOTEUR_GAUCHE_OFF                        0x000003a1   Thumb Code     0  rk_motors.o(.text)
    MOTEUR_DROIT_ARRIERE                     0x000003ad   Thumb Code     0  rk_motors.o(.text)
    MOTEUR_DROIT_AVANT                       0x000003b7   Thumb Code     0  rk_motors.o(.text)
    MOTEUR_GAUCHE_ARRIERE                    0x000003c1   Thumb Code     0  rk_motors.o(.text)
    MOTEUR_GAUCHE_AVANT                      0x000003cb   Thumb Code     0  rk_motors.o(.text)
    MOTEUR_DROIT_INVERSE                     0x000003d5   Thumb Code     0  rk_motors.o(.text)
    MOTEUR_GAUCHE_INVERSE                    0x000003e1   Thumb Code     0  rk_motors.o(.text)
    __main                                   0x0000045d   Thumb Code     0  main.o(.text)
    __initial_sp                             0x20000100   Data           0  startup.o(STACK)



==============================================================================

Memory Map of the image

  Image Entry point : 0x0000026d

  Load Region LR_1 (Base: 0x00000000, Size: 0x000005d8, Max: 0xffffffff, ABSOLUTE)

    Execution Region ER_RO (Base: 0x00000000, Size: 0x000005d8, Max: 0xffffffff, ABSOLUTE)

    Base Addr    Size         Type   Attr      Idx    E Section Name        Object

    0x00000000   0x00000278   Code   RO            3  * RESET               startup.o
    0x00000278   0x000001e4   Code   RO            9  * .text               rk_motors.o
    0x0000045c   0x0000017c   Code   RO           12  * .text               main.o


    Execution Region ER_RW (Base: 0x20000000, Size: 0x00000000, Max: 0xffffffff, ABSOLUTE)

    **** No section assigned to this execution region ****


    Execution Region ER_ZI (Base: 0x20000000, Size: 0x00000100, Max: 0xffffffff, ABSOLUTE)

    Base Addr    Size         Type   Attr      Idx    E Section Name        Object

    0x20000000   0x00000100   Zero   RW            1    STACK               startup.o


==============================================================================

Image component sizes


      Code (inc. data)   RO Data    RW Data    ZI Data      Debug   Object Name

       380         48          0          0          0        364   main.o
       484        112          0          0          0        404   rk_motors.o
       632        622          0          0        256        292   startup.o

    ----------------------------------------------------------------------
      1496        782          0          0        256       1060   Object Totals
         0          0          0          0          0          0   (incl. Generated)
         0          0          0          0          0          0   (incl. Padding)

    ----------------------------------------------------------------------
         0          0          0          0          0          0   Library Totals
         0          0          0          0          0          0   (incl. Padding)

    ----------------------------------------------------------------------

==============================================================================


      Code (inc. data)   RO Data    RW Data    ZI Data      Debug   

      1496        782          0          0        256       1060   Grand Totals
      1496        782          0          0        256       1060   ELF Image Totals
      1496        782          0          0          0          0   ROM Totals

==============================================================================

    Total RO  Size (Code + RO Data)                 1496 (   1.46kB)
    Total RW  Size (RW Data + ZI Data)               256 (   0.25kB)
    Total ROM Size (Code + RO Data + RW Data)       1496 (   1.46kB)

==============================================================================

